0 verbose cli /opt/homebrew/Cellar/node/25.6.1/bin/node /opt/homebrew/bin/npm
1 info using npm@11.9.0
2 info using node@v25.6.1
3 silly config load:file:/opt/homebrew/lib/node_modules/npm/npmrc
4 silly config load:file:/Users/mdaminalsayeed/Documents/New project/.npmrc
5 silly config load:file:/Users/mdaminalsayeed/Documents/New project/~/.npmrc
6 silly config load:file:/Users/mdaminalsayeed/Documents/New project/etc/npmrc
7 verbose title npm test
8 verbose argv "--prefix" "/Users/mdaminalsayeed/Documents/New project" "test"
9 verbose logfile logs-max:10 dir:/Users/mdaminalsayeed/Documents/New project/~/.npm/_logs/2026-02-14T12_32_15_406Z-
10 verbose logfile /Users/mdaminalsayeed/Documents/New project/~/.npm/_logs/2026-02-14T12_32_15_406Z-debug-0.log
11 silly logfile done cleaning log files
12 http fetch GET 200 https://registry.npmjs.org/npm 502ms
13 verbose cwd /Users/mdaminalsayeed/Documents/New project
14 verbose os Darwin 25.2.0
15 verbose node v25.6.1
16 verbose npm  v11.9.0
17 notice
17 notice New minor version of npm available! 11.9.0 -> 11.10.0
17 notice Changelog: https://github.com/npm/cli/releases/tag/v11.10.0
17 notice To update run: npm install -g npm@11.10.0
17 notice  { force: true, Symbol(proc-log.meta): true }
18 verbose exit 0
19 info ok
